#-----------------------------------------------------------
# Vivado v2020.2 (64-bit)
# SW Build 3064766 on Wed Nov 18 09:12:45 MST 2020
# IP Build 3064653 on Wed Nov 18 14:17:31 MST 2020
# Start of session at: Wed May  4 15:25:21 2022
# Process ID: 6856
# Current directory: C:/Users/antho/OneDrive - USherbrooke/UdeS/Session 4/APP1 S4/Problmatique/project_problématique
# Command line: vivado.exe -gui_launcher_event rodinguilauncherevent13192 C:\Users\antho\OneDrive - USherbrooke\UdeS\Session 4\APP1 S4\Problmatique\project_problématique\project_problématique.xpr
# Log file: C:/Users/antho/OneDrive - USherbrooke/UdeS/Session 4/APP1 S4/Problmatique/project_problématique/vivado.log
# Journal file: C:/Users/antho/OneDrive - USherbrooke/UdeS/Session 4/APP1 S4/Problmatique/project_problématique\vivado.jou
#-----------------------------------------------------------
start_gui
open_project {C:/Users/antho/OneDrive - USherbrooke/UdeS/Session 4/APP1 S4/Problmatique/project_problématique/project_problématique.xpr}
